../Core/Src/main.c:71:6:SET_CHANNEL_ONE	32	static
../Core/Src/main.c:85:6:SET_CHANNEL_TWO	32	static
../Core/Src/main.c:95:6:SET_CHANNEL_THREE	32	static
../Core/Src/main.c:105:5:READ_CHANNEL_ONE	16	static
../Core/Src/main.c:117:5:READ_CHANNEL_TWO	16	static
../Core/Src/main.c:129:5:READ_CHANNEL_THREE	16	static
../Core/Src/main.c:142:6:HAL_TIM_PeriodElapsedCallback	16	static
../Core/Src/main.c:154:5:main	128	static
../Core/Src/main.c:233:6:SystemClock_Config	96	static
../Core/Src/main.c:277:13:MX_ADC1_Init	32	static
../Core/Src/main.c:348:13:MX_TIM2_Init	40	static
../Core/Src/main.c:392:13:MX_USART2_UART_Init	8	static
../Core/Src/main.c:423:13:MX_DMA_Init	16	static
../Core/Src/main.c:440:13:MX_GPIO_Init	40	static
../Core/Src/main.c:471:6:Error_Handler	4	static,ignoring_inline_asm
